// Jest Snapshot v1, https://goo.gl/fbAQLP

exports[`login a new user 1`] = `
Object {
  "accessToken": "some-access-token",
  "expiresIn": 1234567,
  "idToken": "eyJhbGciOiJIUzI1NiIsInR5cCI6IkpXVCJ9.eyJzdWIiOiIxMjM0NTY3ODkwIiwibmFtZSI6IkpvaG4gRG9lIiwiaWF0IjoxNTE2MjM5MDIyfQ.SflKxwRJSMeKKF2QT4fwpMeJf36POk6yJV_adQssw5c",
  "refreshToken": "some-refresh-token",
}
`;

exports[`respond with a 422 if \`code\` is missing 1`] = `
Object {
  "description": "data should have required property 'code'",
  "error": "INVALID_INPUT",
}
`;

exports[`respond with the same user if logged in twice 1`] = `
Object {
  "accessToken": "some-access-token",
  "expiresIn": 1234567,
  "idToken": "eyJhbGciOiJIUzI1NiIsInR5cCI6IkpXVCJ9.eyJzdWIiOiIxMjM0NTY3ODkwIiwibmFtZSI6IkpvaG4gRG9lIiwiaWF0IjoxNTE2MjM5MDIyfQ.SflKxwRJSMeKKF2QT4fwpMeJf36POk6yJV_adQssw5c",
  "refreshToken": "some-refresh-token",
}
`;
